This is pdfTeX, Version 3.141592653-2.6-1.40.28 (MiKTeX 25.12) (preloaded format=latex 2026.4.27)  27 APR 2026 11:15
entering extended mode
 restricted \write18 enabled.
 %&-line parsing enabled.
**./acmart.ins
(acmart.ins
LaTeX2e <2025-11-01>
L3 programming layer <2025-12-24>
(C:\Users\thoma\AppData\Local\Programs\MiKTeX\tex/latex/base\docstrip.tex
\blockLevel=\count275
\emptyLines=\count276
\processedLines=\count277
\commentsRemoved=\count278
\commentsPassed=\count279
\codeLinesPassed=\count280
\TotalprocessedLines=\count281
\TotalcommentsRemoved=\count282
\TotalcommentsPassed=\count283
\TotalcodeLinesPassed=\count284
\NumberOfFiles=\count285
\inFile=\read2
\inputcheck=\read3
\off@0=\count286
\off@1=\count287
\off@2=\count288
\off@3=\count289
\off@4=\count290
\off@5=\count291
\off@6=\count292
\off@7=\count293
\off@8=\count294
\off@9=\count295
\off@10=\count296
\off@11=\count297
\off@12=\count298
\off@13=\count299
\off@14=\count300
\off@15=\count301
\@maxfiles=\count302
\@maxoutfiles=\count303

Utility: `docstrip' v2.6c <2024-12-23>
English documentation    <2025-09-23>

**********************************************************
* This program converts documented macro-files into fast *
* loadable files by stripping off (nearly) all comments! *
**********************************************************

********************************************************
* No Configuration file found, using default settings. *
********************************************************

(acmart.ins

Generating file(s) ./acmart.cls 
\openout0 = `./acmart.cls'.


Processing file acmart.dtx (class) -> acmart.cls
% % % % % % % % % % % % % % % % % % % % % % % % % % % % % % % % % % % % % % %
% % % % % % % % % % % % % % % % % % % % % % % % % % % % % % % % % % % % % % %
% % % % % % % % % % % % % % % % % % % % % % % % % % % % % % % % % % % % % % %
% % % % % % % % % % % % % % % % % % % % % % % % % % % % % % % % % % % % % % %
% % % % % % % % % % % % % % % % % % % % % % % % % % % % % % % % % % % % % % %
% % % % % % % % % % % % % % % % % % % % % % % % % % % % % % % % % % % % % % %
% % % % % % % % % % % % % % % % % % % % % % % % % % % % % % % % % % % % % % %
% % % % % % % % % % % % % % % % % % % % % % % % % % % % % % % % % % % % % % %
% % % % % % % % % % % % % % % % % % % % % % % % % % % % % % % % % % % % % % %
% % % % % % % % % % % % % % % % % % % % % % % % % % % % % % % % % % % % % % %
% % % % % % % % % % % % % % % % % % % % % % % % % % % % % % % % % % % % % % %
% % % % % % % % % % % % % % % % % % % % % % % % % % % % % % % % % % % % % % %
% % % % % % % % % % % % % % % % % % % % % % % % % % % % % % % % % % % % % % %
% % % % % % % % % % % % % % % % % % % % % % % % % % % % % % % % % % % % % % %
% % % % % % % % % % % % % % % % % % % % % % % % % % % % % % % % % % % % % % %
% % % % % % % % % % % % % % % % % % % % % % % % % % % % % % % % % % % % % % %
% % % % % % % % % % % % % % % % % % % % % % % % % % % % % % % % % % % % % % %
% % % % % % % % % % % % % % % % % % % % % % % % % % % % % % % % % % % % % % %
% % % % % % % % % % % % % % % % % % % % % % % % % % % % % % % % % % % % % % %
% % % % % % % % % % % % % % % % % % % % % % % % % % % % % % % % % % % % % % %
% % % % % % % % % % % % % % % % % % % % % % % % % % % % % % % % % % % % % % %
% % % % % % % % % % % % % % % % % % % % % % % % % % % % % % % % % % % % % % %
% % % % % % % % % % % % % % % % % % % % % % % % % % % % % % % % % % % % % % %
% % % % % % % % % % % % % % % % % % % % % % % % % % % % % % % % % % % % % % %
% % % % % % % % % % % % % % % % % % % % % % % % % % % % % % % % % % % % % % %
% % % % % % % % % % % % % % % % % % % % % % % % % % % % % % % % % % % % % % %
% % % % % % % % % % % % % % % % % % % % % % % % % % % % % % % % % % % % % % %
% % % % % % % % % % % % % % % % % % % % % % % % % % % % % % % % % % % % % % %
% % % % % % % % % % % % % % % % % % % % % % % % % % % % % % % % % % % % % % %
% % % % % % % % % % % % % % % % % % % % % % % % % % % % % % % % % % % % % % %
% % % % % % % % % % % % % % % % % % % % % % % % % % % % % % % % % % % % % % %
% % % % % % % % % % % % % % % % % % % % % % % % % % % % % % % % % % % % % % %
% % % % % % % % % % % % % % % % % % % % % % % % % % % % % % % % % % % % % % %
% % % % % % % % % % % % % % % % % % % % % % % % % % % % % % % % % % % % % % %
% % % % % % % % % % % % % % % % % % % % % % % % % % % % % % % % % % % % % % %
% % % % % % % % % % % % % % % % % % % % % % % % % % % % % % % % % % % % % % %
% % % % % % % % % % % % % % % % % % % % % % % % % % % % % % % % % % % % % % %
% % % % % % % % % % % % % % % % % % % % % % % % % % % % % % % % % % % % % % %
% % % % % % % % % % % % % % % % % % % % % % % % % % % % % % % % % % % % % % %
% % % % % % % % % % % % % % % % % % % % % % % % % % % % % % % % % % % % % %
<class . > <*gobble . > <class . > . . % % % % % % % % % % % % % % % % % % % %
% % % % % % % % % % % % % % % % % % % % % % % % % % % % % % % % % % % % % % %
% % % % % % % <*gobble . . . . . . . . . . . . . . > <*class . % % % % % % % %
% . . . . % % % % % % % . % % % % . % % % % % % % . . . . . . . . . . . . . .
. . . % % % % % % % . . . . . . . . % % % % % % % % . . . . . . . . % % % % %
% % % . . . . . . . . % % % % % % % % % % % % % . . . . . . . . % % % % % % %
% . . . . . . . . % % % % % % % % % . . . . . . . . % % % % % % % % % % . . .
. . . . . . . % % % % % % % % . . . . . % % % % % % % % % . . . . % % % % % %
% % % % . % % % % % % % . % % % % % % % % . % % % % % % % . . . . . . . . . .
. . . . . . . . . . . . . . . . . . . . . . % % % % % % % % % % % % % . . . .
. . . . . . . . . . . . . . . . . . . . . % % % % % . % % % % % . % % % % . .
. . % % % % % . % % % % % % % % % % . . . . . . . . . . . . . . . . . . . . .
. . . . . . . . . . . . . . . . . . . . . . . . . . . . . . . . . . . . . . .
. . . . . . . . . . . . . . . . . . . . % % % % % % % % % . . . . . . % % % %
% % % % % % . . . . . % % % % % % % . . . % % % % % % % % % . . . . . . . . .
. . . . . . . . . . . . . . . . . . . . . . . . . . . . . . . . . . . . . . .
. . . . . . . . . . . . . . . . . . . . . . . . . . . . . . . . . . . . . . .
. . . . . % % % % % % % % % % . . . . . . . . . . . . . % % % % % % % % . % %
% % % % % . % % % % % % % . % % % % % % % . . . . . . . . . . . . . . . . . .
. . . . . . . . . . . . . . . % % % % % % . . . . . . . . . . . . . . . . . .
. % % % % % % % % . . . . . . . % % % % % % % . % % % % . . . . . . . . % % %
% % . . . . . . . . % % % % % % % % % % % % % % . . . . . . . . . . . . . . .
. . . . . . . . . . . . . . . . . . . . . . . . . . . . . . . . . . . . . . .
. . . . . . . . . . % % % % % % % . . . . . . . . . . . . . . % % % % % % % %
% % % % % % . % % % % % % % % % % % % % % % % % . . % % % % . . . % % % % % %
% . . % % % % % % % . . . . . . . . . . . . % % % % % % % . % % % % % % % . .
. . . . . . . . . . % % % % % % % % . . . . . . . . . . . . % % % % % % % % %
. % % % % % % % % % % . . % % % % % % % % % % % % % % % % . . . . . . . . . .
. . . % % % % % % % . . . . . . . . . . % % % % % % % % % % . . . . . . % % %
% . . . % % % % % % % % . . . . . . . . . . . . . . . . . . . . . . . . . . .
. % % % % % . . . % % % % % % % . . % % % % % % % . % % % % % % % % . . % % %
% % % % . % % % % % % % % . . % % % % % % % % % % . . % % % % % % % % % . . .
. . . % % % % % % % . . . . % % % % % % % % . . . . . . . . . . % % % % % % %
% % . . . . . . . . . . . . . . . % % % % % % % % % % % % . . . . . . . . . .
. . . . . . . . . . . . . . . . . . . . . . . . . . . . . . % % % % % % % % .
% % % % % % % % % % % . . . . . . . % % % % % % % % % % % % % % % % % . . . .
. . . . . . . . . . . . . . . . . . . . . . . . . . . . . . . . . . . . . . .
. . . . . . . . . . . . . . . . . . . . . . . . . . . . . . . . . . . . . . .
. . . . . . . . . . . . . . . . . . . . . . . . . . . . . . . . . . . . . . .
. . . . . . . . . . . . . . . . . . . . . . . . . . . . . . . . . . . . . . .
. . . . . . . . . . . . . . . . . . . . . . . . . . . . . . . . . . . . . . .
. . . . . . . . . . . . . . . . . . . . . . . . . . . . . . . . . . . . . . .
. . . . . . . . . . . . . . . . . . % % % % . % % % % % % . . . . . % % % % %
% . . . . . . . . . . % % % % % % % . . % % % % % % % % % % . . % % % % % % %
. . % % % % % % . . . . . . . . . . . . . . . . . . . . . . . . . . . . . . .
. . . . . . . . % % % % % % % % % % % . . . . . % % % % % % % % % . . % % % %
% % % % % % . % % % % % % % % . . . . . . . . . . . % % % % % % % % . . . . %
% % % % % % . % % % % % . % % % % % % % . . . . . . . . % % % % % % % . % % %
% % % % . . . . . . . . . % % % % % % % . % % % % % % % % . . . . . . % % % %
% % % % . . . . . . % % % % % % % % . . % % % % % % % % . . % % % % % % % % .
. % % % % % % % % . . % % % % % % % % % % . . % % % % % % % % % % . . % % % %
% % % % . . . . % % % % % % % . . % % % % % % % % % . . % % % % % % % % % . .
% % % % % % % % . . % % % % % % % % % . . % % % % % % % % . . % % % % % % % %
% . % % % % % % % % % . . % % % % % % % % . . . . . % % % % % % % % . . . . .
% % % % % % % % . . % % % % % % % % % . . % % % % % % % % . . % % % % % % % %
% . % % % % % % % . . % % % % % % % . % % % % % % % % . . . . . . % % % % % %
% . . . . . . % % % % % % % % . . . . . . % % % % % % % . . . . % % % % % % %
. % % % % % % % % % . . . . . . . . . . . % % % % % . % % % % % % % . . . . .
. . . . . . . . . . . . . % % % % % % % % % . . % % % % % . % % % % % % % % %
. . % % % % % % % % % % % % % . . . . . . . . . . . . . . . . . . . . % % % %
% % % % . % % % % % % % % % % % % . . % % % % % % % . . % % % % % % % . . % %
% % % % % % % . . . . . . . . . . . . . . . . . . . . . . . . . . . . . . . .
. . . . . . . . . . . . . % % % % % . . % % % % % % % % % . . . . . . . . . .
. . . . . . . . . . . . . . . . . . . . . % % % % % % % % % . % % % % % % % %
. . . . . . . . . . . . . . . . . . . . . . . . . . . . . . . . . . . . . . .
. . . . . . . . . . . . . . . . . . . . . . . . . . . . . . . . . . . . . . .
. . . . . . . . . . . . . . . . . . . . . . . . . . . . . . . . . . % % % % %
% % % % % % . . % % % % % % % . % % % % % % % . % % % % % % % . % % % % % % %
. . . . . . . % % % % % % % % % % % % % . % % % % % % % % % % % % % % % % % %
% % % % % % % % % % . . . . . . . . . . . . . . . . . . . . . . . . . . . . .
. . . . . . . . . . . . . . . . . . . . . . . . . . . . . . . . . . . . . . .
. . . . . . . . . . . . . . . . . . . . . . . . . . . . . . . . . . . . . . .
. . . % % % % % % % . . . . . . . . . . . . . . . . . . . . . % % % % % % % %
% % % . . . . . . . . . . . . . . . . . . . . . . . . . . . . . . . . . . . .
. . . . . . . . % % % % % % % . . . . . . . . . . . . . . . . . . . . . . % %
% % % % % % . . . . . . . . . . . . . . . . . . . . . % % % % % % % % % . . .
. . . . . . . . . . . . . . . . . . % % % % % % % % % . . . . . . . . . . . .
. . . . . . . . . . . . . . . . % % % % % % % % % % % % % % % % % % . . . . .
. . . . . . . . . . . . . . . . . . . . . . . % % % % % % % % % . . . . . . .
. % % % % % % % % % % % % % % % . . . . . . . . % % % % % % % % % % % % % % %
% % % % % % % % % % % % % % % % % % % % % % % % . . . . . . . . . . . . . . %
. . % . . % % % % % % % % % % % % % % % % . . . . . . . . . . . . . . . . . .
. . . . . . % % % % % % % % . % % % % % % % . % % % % % % . . . . . . . . . .
. . . . . . . . . . . . . . . % % % % % % % . . . . . . . . % % % % % % % % %
% % % . . . . . . . . . . . . . . . . . . . . . . . . . . . . . . % % % % % %
% % % % % % % . % % % % % % % . % % % % % % % . . % % % % % % % % % . . . . .
. . % % % % % % % % % % % % . % % % % % % % . . . . . . . . . . . . . . . . .
. . % % % . . . . . . . . . . . . . . . . . . . . . . . . % % % . . . . . % %
% % % % % % % % % % . % % % % % % % . . . . . . . . . . . . . % % % . . . . .
. . . . . . . . . . . . . . . . . . % % % % . . . . % % % % % % % % . % % % %
% % % % . % % % % % % % . . . . . . . % % % % % % % . % % % % % % % % % % % .
. . . . . . . . . % % % % % % % % % % % . . . . . . . . . . . . . . . . . . .
. . % % % % % % % . . . . . . . . . . . . . . . . . . . . . % % % % % % % . %
% % % % % % % % % % . % % % % % % % % . . . . . . . . . . . . . % % % % % % %
% % . . . . . . . % % % % % % % % % . . . . . . . % % % % % % % % % % . . . .
. . . . . . . . . . . . . % % % % % % % % . % % % % % % % % . . . . . . . . .
. . . . . . . . . . . . % % % % % % % % % % % % % % % % % . . . . . . . . . .
. . . . . . . . . . . . . . . . . . . . . . . . . . . . . . . . . . . . . . .
. . . % % % % % % % % % % . . . . . . . . . . . . . . . . . . . . % % % % % %
% % % % . % % % . . . . % % % . . . . . . . . . . . . . . % % % % % % % % % %
. . . . . . . . . . . . . . . . . . . . . . . . . . . . . . . . . . . . . . .
. . . . . . % % % % % % % % % % % . . . . . . . . . . . . . . . . . . . . % %
% % % % % . . . . % % % % % % % % % % % % % . . . . . . . . . . . . . . . . .
. . . . . . . . . . . . . . . . . . . . . . . . . . . . . . % % % % % % % % %
% . % % % % % % % . % % % % % % % % % % % % % % . % % % % % % % % % % % % . %
% % % % % % . % % % % % % % . % % % % % % % . % % % % % % . . . . . . . . . .
. . . . . % % % % % . . . . . . . . . . . % % % % % % % % . % % % % % % % . %
% % % % % % . % % % % % % % . % % % % % % . . . . . . . . . . . . . . . % % %
% % . . . . . . . . . . . % % % % % % . . . . . . . . . . % % % % % % . % % %
% % % % . % % % % % % . . . . . . . . . . . . . % % % % % . . . . . . . . . %
% % % % % % % % % % % % % % . . . . . . . % % % % % % % % % . % % % % % % % %
. . % % % % % % % % % . . . . . . . . . . . . . % % % % % % % % % % % % % . .
. . . . . % % % % % % % % % % % . > % % % % % % % % %
File acmart.dtx ended by \endinput.
Lines  processed: 5951
Comments removed: 3496
Comments  passed: 15
Codelines passed: 2432

*****************************************************
* Congratulations!  You successfully  generated the *
* acmart package.                                   *
*                                                   *
* Please move the file acmart.cls to where LaTeX    *
* files are stored in  your system.  The manual is  *
* acmart.pdf.                                       *
*                                                   *
* The package is released under LPPL                *
*                                                   *
* Happy TeXing!                                     *
*****************************************************
) ) ) 
Here is how much of TeX's memory you used:
 331 strings out of 467872
 3767 string characters out of 5418402
 433730 words of memory out of 5000000
 29302 multiletter control sequences out of 15000+600000
 627721 words of font info for 40 fonts, out of 8000000 for 9000
 1141 hyphenation exceptions out of 8191
 15i,0n,15p,201b,106s stack positions out of 10000i,1000n,20000p,200000b,200000s

No pages of output.
